                                     #####                      
                                    ##...##                     
                                   ##.###.##                    
                                   #.## ##.#####                
              ###############      #(#   #.....#                
              #..)..........##     #.## ##.###.#                
              #..#######.#...########.###.## #.#                
              #..#   ###...........###...#####.#                
              #..#   #.........###.###.......#.#                
       ########..#####.#..#......>..##.......#.#                
       #.............#.#..####(###..##(......#.##############   
       #.######..###.#.#..## #.# #...........#..............#   
       #.######..# #.......# #.# ##.##.......##############.#   
########(........#####.#...###.####.##>...(..#            #.#   
#..........#####..#  #.#...##................#            #.#   
#.#######.........#  #.#...##..####.#####.############    #.#   
#.#     #..#####..####.........####.##  #............#    #.#   
#.#     #..#   #..........#..........###############.#    #.#   
#.#   ###..#####..#######...#.###.##........#      #.#    #.#   
#.#####...)........#  #........##.#########.#      #.#    #.#   
#....##.#..#####...####..##.##.##.#       #.#      #.#    #.#   
####.##.#....##.............##.##.#       #.#      #.#    #.####
   #.##.##.#.##....####..#........#       #.#      #.#    #....#
   #.##.##.#.............#...#.#..#       #.#      #.###  ####.#
   #.##.##.####......##.##........#       #.#      #...#     #.#
   #.##.##.#.......(..[......#.#.##       #.#      ###.#     #.#
   #.##.##.......................#        #.#        #.#     #.#
   #.##.####.#.#.#.#.##..##.##.###        #.#        #.#     #.#
   #.....###.#.#.#.#.##..##.##.####       #.#        #.#     #.#
   ####..#.....#.#.#.##..##.......#       #.#        #.#######.#
      #..#.#.....#.#.##........##.#       #.#        #.........#
      #..............###.########.#       #.#       ##..########
      ####.#.....##### #.#      #.#    ####.##      #...#       
         #.....#.#     #.#      #.#    #.....##     #.#.#       
         ###.#.#.#######.#      #.#    #.###..#    ##.#.#       
           #.#...........#      #.#    ######.######..#.#       
           #...#.#########      #.#     #???¦?¦????#.##.#       
           ###.#.#              #(#     #?.P...P..?#.##.#       
           ###.#.#              #.#     #?PPP.PPP.?#.##.#       
           #..#..#              #.#     #?.P...P..?#....#       
           #.#.###              #.#   ###¦.*XX...¦¦#.####       
           #.#.#                #.#   #..?..&<.......#          
           #.#.#                #.#####.#¦.......¦¦#.#          
           #.#.#                #.......#?.¦......?#.#          
           #.#.#                #####.###?¦¦¦.....?#.#          
           #.#.#                    #...#? ¦......?#.#          
           #.#.#                    #####???¦?¦????#.#          
           #.#.#################        #####.########          
      ######...................#        ##.#..#                 
      #........##.#####.######.###     ##.###.##                
      #.#########.#   #.####.....#  ####.## ##.##               
      #.#       #.#   #.##.#.###>####...##   ##.#               
      #.#       #.#   #.#.#..# #......##.## ##.##               
      #.#       #.#   #>##.#.###.########.###.##                
      #.#########.#   #....#...............#.##                 
      #...........#   #####################.##                  
      #############                       ###                   
